# symlinks.map — single source of truth for tracked dotfile symlinks.
#
# One record per line:  <src>  <dest>  [tags]
#   src   path relative to the dotfiles repo root (DOTFILES_DIR)
#   dest  path relative to $HOME
#   tags  optional, comma-separated profile tags controlling which profiles get
#         the link (see scripts/lib/profile_helpers.sh: profile_includes).
#         Omit/blank = all profiles. `gui` = personal+work (skipped on
#         minimal/server); `work` = work only; a profile name = that profile.
# Columns are whitespace-separated; blank lines and # comments are ignored.
#
# Consumed by install.sh (creates the links), verify.sh (checks them),
# bootstrap.sh --dry-run (previews them), and the CI install-smoke job.
# Add a tracked dotfile by adding one line here — every consumer picks it up.
#
# Non-symlink setup (the ~/.gitconfig thin include, local.gitconfig seed, global
# pre-commit hook, VS Code settings/extensions) stays bespoke in install.sh and
# is intentionally not listed here. ~/.gitconfig is a real file (not a symlink)
# so `git config --global` and tools never write into the tracked repo file.

# Home-directory dotfiles
home/zshrc             .zshrc
home/zprofile          .zprofile
home/tmux.conf          .tmux.conf
home/hyper.js          .hyper.js              gui
home/gitignore_global  .gitignore_global
home/gemrc             .gemrc
home/irbrc             .irbrc
home/pryrc             .pryrc
home/psqlrc            .psqlrc
home/npmrc             .npmrc
home/editorconfig      .editorconfig
home/ssh_config        .ssh/config

# XDG configs under ~/.config
config/starship.toml   .config/starship.toml
config/direnvrc        .config/direnv/direnvrc
config/mise.toml       .config/mise/config.toml
config/ghostty/config  .config/ghostty/config  gui
config/nvim/init.lua   .config/nvim/init.lua
