# symlinks.map — single source of truth for tracked dotfile symlinks.
#
# One record per line:  <src>  <dest>
#   src   path relative to the dotfiles repo root (DOTFILES_DIR)
#   dest  path relative to $HOME
# Columns are whitespace-separated; blank lines and # comments are ignored.
#
# Consumed by install.sh (creates the links), verify.sh (checks them),
# bootstrap.sh --dry-run (previews them), and the CI install-smoke job.
# Add a tracked dotfile by adding one line here — every consumer picks it up.
#
# Non-symlink setup (local.gitconfig seed, global pre-commit hook, VS Code
# settings/extensions) stays bespoke in install.sh and is intentionally not
# listed here.

# Home-directory dotfiles
home/zshrc             .zshrc
home/zprofile          .zprofile
home/gitconfig         .gitconfig
home/tmux.conf         .tmux.conf
home/hyper.js          .hyper.js
home/gitignore_global  .gitignore_global
home/gemrc             .gemrc
home/irbrc             .irbrc
home/pryrc             .pryrc
home/psqlrc            .psqlrc
home/npmrc             .npmrc
home/editorconfig      .editorconfig
home/ssh_config        .ssh/config

# XDG configs under ~/.config
config/starship.toml   .config/starship.toml
config/direnvrc        .config/direnv/direnvrc
config/mise.toml       .config/mise/config.toml
